2026-04-18 12:29:57,742 - INFO - ---- IaC Security Scanner ----
2026-04-18 12:29:57,742 - INFO - Parsing file: real_nsg.tf
2026-04-18 12:29:57,806 - INFO - Parsing file: TG_aks.tf
2026-04-18 12:29:57,812 - INFO - Parsing file: TG_application_gateway.tf
2026-04-18 12:29:57,815 - INFO - Parsing file: TG_app_service.tf
2026-04-18 12:29:57,818 - INFO - Parsing file: TG_networking.tf
2026-04-18 12:29:57,824 - INFO - Parsing file: TG_roles.tf
2026-04-18 12:29:57,825 - INFO - Parsing file: TG_sql.tf
2026-04-18 12:29:57,829 - INFO - Parsing file: TG_storage.tf
2026-04-18 12:29:57,839 - WARNING - Scan complete. Found 14 vulnerabilities!
2026-04-18 12:29:57,839 - WARNING - 
[!] VULNERABILITY: AZU-NET-001
 -> Location: real_nsg.tf -> mgmt
 -> Issue: allows inbound traffic from anywhere (Internet). (Got: None)
 -> Why: Allowing any IP (*) opens the network to public brute-force and scanning attacks.
 -> Fix: Restrict 'source_address_prefix' to specific trusted IPs.
--------------------------------------------------
2026-04-18 12:29:57,839 - WARNING - 
[!] VULNERABILITY: AZU-NET-002
 -> Location: real_nsg.tf -> mgmt
 -> Issue: has SSH port (22) exposed. Ensure it is restricted to internal IPs. (Got: None)
 -> Why: Publicly exposing SSH invites brute-force attacks on admin accounts.
 -> Fix: Restrict port 22 access to internal networks.
--------------------------------------------------
2026-04-18 12:29:57,839 - WARNING - 
[!] VULNERABILITY: AZU-NET-001
 -> Location: real_nsg.tf -> dmz
 -> Issue: allows inbound traffic from anywhere (Internet). (Got: None)
 -> Why: Allowing any IP (*) opens the network to public brute-force and scanning attacks.
 -> Fix: Restrict 'source_address_prefix' to specific trusted IPs.
--------------------------------------------------
2026-04-18 12:29:57,839 - WARNING - 
[!] VULNERABILITY: AZU-NET-002
 -> Location: real_nsg.tf -> dmz
 -> Issue: has SSH port (22) exposed. Ensure it is restricted to internal IPs. (Got: None)
 -> Why: Publicly exposing SSH invites brute-force attacks on admin accounts.
 -> Fix: Restrict port 22 access to internal networks.
--------------------------------------------------
2026-04-18 12:29:57,839 - WARNING - 
[!] VULNERABILITY: AZU-AKS-001
 -> Location: TG_aks.tf -> k8s_cluster
 -> Issue: has Kubernetes RBAC disabled. (Got: False)
 -> Why: Without RBAC, any compromised pod could gain full cluster control.
 -> Fix: Set 'role_based_access_control.enabled = true'.
--------------------------------------------------
2026-04-18 12:29:57,840 - WARNING - 
[!] VULNERABILITY: AZU-APP-001
 -> Location: TG_app_service.tf -> app-service1
 -> Issue: has HTTPS disabled. (Got: False)
 -> Why: Unencrypted HTTP traffic allows Man-in-the-Middle (MitM) attacks.
 -> Fix: Set 'https_only = true'.
--------------------------------------------------
2026-04-18 12:29:57,840 - WARNING - 
[!] VULNERABILITY: AZU-APP-002
 -> Location: TG_app_service.tf -> app-service1
 -> Issue: has weak or missing TLS version. (Got: 1.1)
 -> Why: Old TLS versions (1.0/1.1) are vulnerable to known cryptographic attacks.
 -> Fix: Set 'min_tls_version = "1.2"'.
--------------------------------------------------
2026-04-18 12:29:57,840 - WARNING - 
[!] VULNERABILITY: AZU-APP-002
 -> Location: TG_app_service.tf -> app-service2
 -> Issue: has weak or missing TLS version. (Got: None)
 -> Why: Old TLS versions (1.0/1.1) are vulnerable to known cryptographic attacks.
 -> Fix: Set 'min_tls_version = "1.2"'.
--------------------------------------------------
2026-04-18 12:29:57,840 - WARNING - 
[!] VULNERABILITY: AZU-NET-001
 -> Location: TG_networking.tf -> bad_sg
 -> Issue: allows inbound traffic from anywhere (Internet). (Got: *)
 -> Why: Allowing any IP (*) opens the network to public brute-force and scanning attacks.
 -> Fix: Restrict 'source_address_prefix' to specific trusted IPs.
--------------------------------------------------
2026-04-18 12:29:57,840 - WARNING - 
[!] VULNERABILITY: AZU-NET-002
 -> Location: TG_networking.tf -> bad_sg
 -> Issue: has SSH port (22) exposed. Ensure it is restricted to internal IPs. (Got: 22-22)
 -> Why: Publicly exposing SSH invites brute-force attacks on admin accounts.
 -> Fix: Restrict port 22 access to internal networks.
--------------------------------------------------
2026-04-18 12:29:57,840 - WARNING - 
[!] VULNERABILITY: AZU-DB-001
 -> Location: TG_sql.tf -> example
 -> Issue: does not enforce SSL connections. (Got: False)
 -> Why: Database queries and data sent in plain text can be intercepted.
 -> Fix: Set 'ssl_enforcement_enabled = true'.
--------------------------------------------------
2026-04-18 12:29:57,840 - WARNING - 
[!] VULNERABILITY: AZU-DB-002
 -> Location: TG_sql.tf -> example
 -> Issue: allows public network access. (Got: None)
 -> Why: Public databases are easily discoverable targets for attackers.
 -> Fix: Set 'public_network_access_enabled = false'.
--------------------------------------------------
2026-04-18 12:29:57,840 - WARNING - 
[!] VULNERABILITY: AZU-STO-001
 -> Location: TG_storage.tf -> insecure_storage
 -> Issue: allows non-HTTPS traffic. (Got: False)
 -> Why: Unencrypted traffic can expose storage data to interception.
 -> Fix: Set 'enable_https_traffic_only = true'.
--------------------------------------------------
2026-04-18 12:29:57,840 - WARNING - 
[!] VULNERABILITY: AZU-STO-002
 -> Location: TG_storage.tf -> insecure_storage
 -> Issue: allows nested items to be public. (Got: True)
 -> Why: Public blobs/containers can lead to massive data leaks.
 -> Fix: Set 'allow_nested_items_to_be_public = false'.
--------------------------------------------------
